abcdefghijklm nopqrstuvwxyz
z
u v w x
YZ
b c d

yzz
