ABCDEF GHIJKL MNOPQR STUVWX
YZ
UVW XYZ
z
B C D E

YZZ
