a: 9999, b: 9999, c: 9999, d: 9999, e: 9999, f: 9999, g: 9999, h: 9999, i: 9999, j: 9999, k: 9999, l: 9999, m: 9999, n: 9999, o: 9999, p: 9999, q: 9999, r: 9999, s: 9999, t: 9999, u: 9999, v: 9999, w: 9999, x: 9999, y: 9999, z: 9999
a: 9999, b: 9999, c: 9999, d: 9999, e: 9999, f: 9999, g: 9999, h: 9999, i: 9999, j: 9999, k: 9999, l: 9999, m: 9999, n: 9999, o: 9999, p: 9999, q: 9999, r: 9999, s: 9999, t: 9999, u: 9999, v: 9999, w: 9999, x: 9999, y: 9999, z: 9999
True
