0_0.5
1_0.5
0_1.5
2_0.5
3_0.5
1_1.5
5_0.5
6_0.5
2_1.5
8_0.5
