Not a triangle
Not a triangle
Not a triangle
Invalid Input
Invalid Input
Invalid Input
1.50
