__init__
__init__
__init__
3
__del__
2
__del__
__del__
