__init__
__init__
__init__
1 2 3 3
__del__
2 3 2
__init__
4 2 3 3
__del__
__del__
__del__
