__init__: (10,), {'k': 5}
add: (9,), {'w': 6}
((10, 9), {'k': 5, 'w': 6})
add: (4,), {'a': 'qq'}
((10, 9, 4), {'k': 5, 'w': 6, 'a': 'qq'})
