__init__: (10,), {}
seven: (10,), {}
seven: (7,), {}
14
seven: (0,), {'another': 42}
7
